// Vitest Snapshot v1, https://vitest.dev/guide/snapshot.html

exports[`ProfilesTagList component > mounts 1`] = `
<body>
  <div>
    
  </div>
</body>
`;
